// Vitest Snapshot v1, https://vitest.dev/guide/snapshot.html

exports[`EditWorkHeader > renders snapshot > EditWorkHeader 1`] = `
<div>
  <div
    class="MuiPaper-root MuiPaper-elevation MuiPaper-rounded MuiPaper-elevation3 rounded-2xl bg-(--color-background-alt) p-4 lg:p-7 px-8 lg:px-11 lg:py-4 css-1gtchvp-MuiPaper-root"
    style="--Paper-shadow: 0px 3px 3px -2px rgba(0,0,0,0.2),0px 3px 4px 0px rgba(0,0,0,0.14),0px 1px 8px 0px rgba(0,0,0,0.12);"
  >
    <div
      class="flex flex-col gap-5"
    >
      <div
        class="flex flex-col justify-between gap-3"
      >
        <h1
          class="MuiTypography-root MuiTypography-h1 max-w-[90%] css-16unqe0-MuiTypography-root"
        >
          <div
            class="wmde-markdown wmde-markdown-color "
            style="background-color: transparent; color: inherit; font-size: inherit; font-family: inherit; text-transform: inherit;"
          >
            <p>
              Test Book
            </p>
          </div>
        </h1>
        <nav
          aria-label="breadcrumb"
          class="MuiTypography-root MuiTypography-body1 MuiBreadcrumbs-root css-2n55bt-MuiTypography-root-MuiBreadcrumbs-root"
        >
          <ol
            class="MuiBreadcrumbs-ol css-1uwp4ue-MuiBreadcrumbs-ol"
          >
            <li
              class="MuiBreadcrumbs-li"
            >
              <a
                href="/admin/dashboard"
              >
                <span
                  class="MuiTypography-root MuiTypography-inherit MuiLink-root MuiLink-underlineAlways no-underline css-1pnnk3i-MuiTypography-root-MuiLink-root"
                >
                  <span
                    class="MuiTypography-root MuiTypography-body1 capitalize css-4bilv6-MuiTypography-root"
                  >
                    home
                  </span>
                </span>
              </a>
            </li>
            <li
              aria-hidden="true"
              class="MuiBreadcrumbs-separator css-jhr02i-MuiBreadcrumbs-separator"
            >
              /
            </li>
            <li
              class="MuiBreadcrumbs-li"
            >
              <a
                href="/admin/works"
              >
                <span
                  class="MuiTypography-root MuiTypography-inherit MuiLink-root MuiLink-underlineAlways no-underline css-1pnnk3i-MuiTypography-root-MuiLink-root"
                >
                  <span
                    class="MuiTypography-root MuiTypography-body1 capitalize css-4bilv6-MuiTypography-root"
                  >
                    books
                  </span>
                </span>
              </a>
            </li>
            <li
              aria-hidden="true"
              class="MuiBreadcrumbs-separator css-jhr02i-MuiBreadcrumbs-separator"
            >
              /
            </li>
            <li
              class="MuiBreadcrumbs-li"
            >
              <p
                class="MuiTypography-root MuiTypography-body1 css-pucm0b-MuiTypography-root"
              >
                edit book
              </p>
            </li>
          </ol>
        </nav>
        <div
          class="lg:grid-col-2 grid grid-cols-2 gap-4"
        >
          <div
            class="flex flex-col gap-2"
          >
            <div
              class="cursor-pointer"
            >
              <div
                class="flex flex-col gap-2"
              >
                <label
                  class="MuiFormLabel-root MuiInputLabel-root MuiInputLabel-animated MuiFormLabel-colorPrimary MuiInputLabel-root MuiInputLabel-animated css-1xlwe7e-MuiFormLabel-root-MuiInputLabel-root"
                >
                  internalId.label
                </label>
                <div
                  class="group flex items-center gap-1"
                >
                  <p
                    class="MuiTypography-root MuiTypography-body1 css-pucm0b-MuiTypography-root"
                  />
                  <button
                    class="MuiButtonBase-root MuiIconButton-root MuiIconButton-sizeMedium ml-auto opacity-0 group-hover:opacity-100 css-1jvz5sr-MuiButtonBase-root-MuiIconButton-root"
                    tabindex="0"
                    type="button"
                  >
                    <svg
                      aria-hidden="true"
                      class="MuiSvgIcon-root MuiSvgIcon-fontSizeMedium css-1umw9bq-MuiSvgIcon-root"
                      data-testid="EditIcon"
                      focusable="false"
                      viewBox="0 0 24 24"
                    >
                      <path
                        d="M3 17.25V21h3.75L17.81 9.94l-3.75-3.75zM20.71 7.04c.39-.39.39-1.02 0-1.41l-2.34-2.34a.996.996 0 0 0-1.41 0l-1.83 1.83 3.75 3.75z"
                      />
                    </svg>
                  </button>
                </div>
              </div>
            </div>
          </div>
          <div
            class="flex flex-col gap-2"
          >
            <div
              class="cursor-pointer"
            >
              <div
                class="flex flex-col gap-2"
              >
                <label
                  class="MuiFormLabel-root MuiInputLabel-root MuiInputLabel-animated MuiFormLabel-colorPrimary MuiInputLabel-root MuiInputLabel-animated css-1xlwe7e-MuiFormLabel-root-MuiInputLabel-root"
                >
                  status.label
                </label>
                <div
                  class="group flex items-center gap-1"
                >
                  <div
                    class="MuiChip-root MuiChip-filled MuiChip-sizeMedium MuiChip-colorDefault MuiChip-filledDefault capitalize css-jltgem-MuiChip-root"
                  >
                    <span
                      class="MuiChip-label MuiChip-labelMedium css-1glixai-MuiChip-label"
                    >
                      active
                    </span>
                  </div>
                  <button
                    class="MuiButtonBase-root MuiIconButton-root MuiIconButton-sizeMedium opacity-0 group-hover:opacity-100 css-1jvz5sr-MuiButtonBase-root-MuiIconButton-root"
                    tabindex="0"
                    type="button"
                  >
                    <svg
                      aria-hidden="true"
                      class="MuiSvgIcon-root MuiSvgIcon-fontSizeMedium css-1umw9bq-MuiSvgIcon-root"
                      data-testid="EditIcon"
                      focusable="false"
                      viewBox="0 0 24 24"
                    >
                      <path
                        d="M3 17.25V21h3.75L17.81 9.94l-3.75-3.75zM20.71 7.04c.39-.39.39-1.02 0-1.41l-2.34-2.34a.996.996 0 0 0-1.41 0l-1.83 1.83 3.75 3.75z"
                      />
                    </svg>
                  </button>
                </div>
              </div>
            </div>
          </div>
          <div
            class="flex flex-col gap-2"
          >
            <div
              class="cursor-pointer"
            >
              <div
                class="flex flex-col gap-2"
              >
                <label
                  class="MuiFormLabel-root MuiInputLabel-root MuiInputLabel-animated MuiFormLabel-colorPrimary MuiInputLabel-root MuiInputLabel-animated capitalize css-1xlwe7e-MuiFormLabel-root-MuiInputLabel-root"
                >
                  publicationDate.label
                </label>
                <div
                  class="group flex items-center gap-1"
                >
                  <p
                    class="MuiTypography-root MuiTypography-body1 css-pucm0b-MuiTypography-root"
                  />
                  <button
                    class="MuiButtonBase-root MuiIconButton-root MuiIconButton-sizeMedium ml-auto opacity-0 group-hover:opacity-100 css-1jvz5sr-MuiButtonBase-root-MuiIconButton-root"
                    tabindex="0"
                    type="button"
                  >
                    <svg
                      aria-hidden="true"
                      class="MuiSvgIcon-root MuiSvgIcon-fontSizeMedium css-1umw9bq-MuiSvgIcon-root"
                      data-testid="EditIcon"
                      focusable="false"
                      viewBox="0 0 24 24"
                    >
                      <path
                        d="M3 17.25V21h3.75L17.81 9.94l-3.75-3.75zM20.71 7.04c.39-.39.39-1.02 0-1.41l-2.34-2.34a.996.996 0 0 0-1.41 0l-1.83 1.83 3.75 3.75z"
                      />
                    </svg>
                  </button>
                </div>
              </div>
            </div>
          </div>
        </div>
        <div
          class="flex flex-col gap-2"
        />
      </div>
    </div>
  </div>
</div>
`;
