// Vitest Snapshot v1, https://vitest.dev/guide/snapshot.html

exports[`Profile > renders snapshot > Profile 1`] = `
<div>
  <div
    class="MuiPaper-root MuiPaper-elevation MuiPaper-rounded MuiPaper-elevation3 rounded-2xl bg-(--color-background-alt) p-4 lg:p-7 css-1gtchvp-MuiPaper-root"
    style="--Paper-shadow: 0px 3px 3px -2px rgba(0,0,0,0.2),0px 3px 4px 0px rgba(0,0,0,0.14),0px 1px 8px 0px rgba(0,0,0,0.12);"
  >
    <div
      class="flex flex-col gap-5"
    >
      <h1
        class="MuiTypography-root MuiTypography-h1 pl-4 css-16unqe0-MuiTypography-root"
      >
        publisher
      </h1>
    </div>
  </div>
  <div
    class="MuiPaper-root MuiPaper-elevation MuiPaper-rounded MuiPaper-elevation3 rounded-2xl bg-(--color-background-alt) p-4 lg:p-7 css-1gtchvp-MuiPaper-root"
    style="--Paper-shadow: 0px 3px 3px -2px rgba(0,0,0,0.2),0px 3px 4px 0px rgba(0,0,0,0.14),0px 1px 8px 0px rgba(0,0,0,0.12);"
  >
    <div
      class="flex flex-col gap-5"
    >
      <h2
        class="MuiTypography-root MuiTypography-h2 pl-4 css-10p1e2f-MuiTypography-root"
      >
        settings
      </h2>
      <div
        data-testid="edit-name"
      />
      <div
        data-testid="edit-shortname"
      />
      <div
        data-testid="edit-url"
      />
      <div
        data-testid="edit-zitadel-id"
      />
    </div>
  </div>
  <div
    class="MuiPaper-root MuiPaper-elevation MuiPaper-rounded MuiPaper-elevation3 rounded-2xl bg-(--color-background-alt) p-4 lg:p-7 css-1gtchvp-MuiPaper-root"
    style="--Paper-shadow: 0px 3px 3px -2px rgba(0,0,0,0.2),0px 3px 4px 0px rgba(0,0,0,0.14),0px 1px 8px 0px rgba(0,0,0,0.12);"
  >
    <div
      class="flex flex-col gap-5"
    >
      <h2
        class="MuiTypography-root MuiTypography-h2 pl-4 css-10p1e2f-MuiTypography-root"
      >
        imprints
      </h2>
      <div
        data-testid="imprints-list"
      />
    </div>
  </div>
  <div
    class="MuiPaper-root MuiPaper-elevation MuiPaper-rounded MuiPaper-elevation3 rounded-2xl bg-(--color-background-alt) p-4 lg:p-7 css-1gtchvp-MuiPaper-root"
    style="--Paper-shadow: 0px 3px 3px -2px rgba(0,0,0,0.2),0px 3px 4px 0px rgba(0,0,0,0.14),0px 1px 8px 0px rgba(0,0,0,0.12);"
  >
    <div
      class="flex flex-col gap-5"
    >
      <h2
        class="MuiTypography-root MuiTypography-h2 pl-4 css-10p1e2f-MuiTypography-root"
      >
        accessibility.accessibility
      </h2>
      <div
        data-testid="edit-contact"
      />
      <div
        data-testid="edit-report"
      />
      <div
        data-testid="edit-statement"
      />
    </div>
  </div>
</div>
`;
